12:27:27 **** Incremental Build of configuration Debug for project Nucleo-f446re ****
make -j4 all 
arm-none-eabi-gcc "../Src/main.c" -mcpu=cortex-m4 -std=gnu11 -g3 -DDEBUG -DSTM32 -DSTM32F4 -DSTM32F446RETx -DNUCLEO_F446RE -c -I../Inc -O0 -ffunction-sections -fdata-sections -Wall -fstack-usage -fcyclomatic-complexity -MMD -MP -MF"Src/main.d" -MT"Src/main.o" --specs=nano.specs -mfloat-abi=soft -mthumb -o "Src/main.o"
arm-none-eabi-gcc -o "Nucleo-f446re.elf" @"objects.list"   -mcpu=cortex-m4 -T"/home/mirafra/STM32CubeIDE/workspace_1.14.0/Nucleo-f446re/STM32F446RETX_FLASH.ld" --specs=nosys.specs -Wl,-Map="Nucleo-f446re.map" -Wl,--gc-sections -static --specs=nano.specs -mfloat-abi=soft -mthumb -Wl,--start-group -lc -lm -Wl,--end-group
Finished building target: Nucleo-f446re.elf
 
arm-none-eabi-size  Nucleo-f446re.elf 
arm-none-eabi-objdump -h -S Nucleo-f446re.elf  > "Nucleo-f446re.list"
   text	   data	    bss	    dec	    hex	filename
   3428	    100	   1900	   5428	   1534	Nucleo-f446re.elf
Finished building: default.size.stdout
 
Finished building: Nucleo-f446re.list
 

12:27:29 Build Finished. 0 errors, 0 warnings. (took 1s.539ms)

