Archive member included to satisfy reference by file (symbol)

/opt/st/stm32cubeide_1.14.0/plugins/com.st.stm32cube.ide.mcu.externaltools.gnu-tools-for-stm32.11.3.rel1.linux64_1.1.100.202309141235/tools/bin/../lib/gcc/arm-none-eabi/11.3.1/../../../../arm-none-eabi/lib/thumb/v7e-m/nofp/libc_nano.a(libc_a-exit.o)
                              /opt/st/stm32cubeide_1.14.0/plugins/com.st.stm32cube.ide.mcu.externaltools.gnu-tools-for-stm32.11.3.rel1.linux64_1.1.100.202309141235/tools/bin/../lib/gcc/arm-none-eabi/11.3.1/../../../../arm-none-eabi/lib/thumb/v7e-m/nofp/crt0.o (exit)
/opt/st/stm32cubeide_1.14.0/plugins/com.st.stm32cube.ide.mcu.externaltools.gnu-tools-for-stm32.11.3.rel1.linux64_1.1.100.202309141235/tools/bin/../lib/gcc/arm-none-eabi/11.3.1/../../../../arm-none-eabi/lib/thumb/v7e-m/nofp/libc_nano.a(libc_a-findfp.o)
                              /opt/st/stm32cubeide_1.14.0/plugins/com.st.stm32cube.ide.mcu.externaltools.gnu-tools-for-stm32.11.3.rel1.linux64_1.1.100.202309141235/tools/bin/../lib/gcc/arm-none-eabi/11.3.1/../../../../arm-none-eabi/lib/thumb/v7e-m/nofp/libc_nano.a(libc_a-exit.o) (__stdio_exit_handler)
/opt/st/stm32cubeide_1.14.0/plugins/com.st.stm32cube.ide.mcu.externaltools.gnu-tools-for-stm32.11.3.rel1.linux64_1.1.100.202309141235/tools/bin/../lib/gcc/arm-none-eabi/11.3.1/../../../../arm-none-eabi/lib/thumb/v7e-m/nofp/libc_nano.a(libc_a-fwalk.o)
                              /opt/st/stm32cubeide_1.14.0/plugins/com.st.stm32cube.ide.mcu.externaltools.gnu-tools-for-stm32.11.3.rel1.linux64_1.1.100.202309141235/tools/bin/../lib/gcc/arm-none-eabi/11.3.1/../../../../arm-none-eabi/lib/thumb/v7e-m/nofp/libc_nano.a(libc_a-findfp.o) (_fwalk_sglue)
/opt/st/stm32cubeide_1.14.0/plugins/com.st.stm32cube.ide.mcu.externaltools.gnu-tools-for-stm32.11.3.rel1.linux64_1.1.100.202309141235/tools/bin/../lib/gcc/arm-none-eabi/11.3.1/../../../../arm-none-eabi/lib/thumb/v7e-m/nofp/libc_nano.a(libc_a-stdio.o)
                              /opt/st/stm32cubeide_1.14.0/plugins/com.st.stm32cube.ide.mcu.externaltools.gnu-tools-for-stm32.11.3.rel1.linux64_1.1.100.202309141235/tools/bin/../lib/gcc/arm-none-eabi/11.3.1/../../../../arm-none-eabi/lib/thumb/v7e-m/nofp/libc_nano.a(libc_a-findfp.o) (__sread)
/opt/st/stm32cubeide_1.14.0/plugins/com.st.stm32cube.ide.mcu.externaltools.gnu-tools-for-stm32.11.3.rel1.linux64_1.1.100.202309141235/tools/bin/../lib/gcc/arm-none-eabi/11.3.1/../../../../arm-none-eabi/lib/thumb/v7e-m/nofp/libc_nano.a(libc_a-memset.o)
                              /opt/st/stm32cubeide_1.14.0/plugins/com.st.stm32cube.ide.mcu.externaltools.gnu-tools-for-stm32.11.3.rel1.linux64_1.1.100.202309141235/tools/bin/../lib/gcc/arm-none-eabi/11.3.1/../../../../arm-none-eabi/lib/thumb/v7e-m/nofp/crt0.o (memset)
/opt/st/stm32cubeide_1.14.0/plugins/com.st.stm32cube.ide.mcu.externaltools.gnu-tools-for-stm32.11.3.rel1.linux64_1.1.100.202309141235/tools/bin/../lib/gcc/arm-none-eabi/11.3.1/../../../../arm-none-eabi/lib/thumb/v7e-m/nofp/libc_nano.a(libc_a-closer.o)
                              /opt/st/stm32cubeide_1.14.0/plugins/com.st.stm32cube.ide.mcu.externaltools.gnu-tools-for-stm32.11.3.rel1.linux64_1.1.100.202309141235/tools/bin/../lib/gcc/arm-none-eabi/11.3.1/../../../../arm-none-eabi/lib/thumb/v7e-m/nofp/libc_nano.a(libc_a-stdio.o) (_close_r)
/opt/st/stm32cubeide_1.14.0/plugins/com.st.stm32cube.ide.mcu.externaltools.gnu-tools-for-stm32.11.3.rel1.linux64_1.1.100.202309141235/tools/bin/../lib/gcc/arm-none-eabi/11.3.1/../../../../arm-none-eabi/lib/thumb/v7e-m/nofp/libc_nano.a(libc_a-reent.o)
                              /opt/st/stm32cubeide_1.14.0/plugins/com.st.stm32cube.ide.mcu.externaltools.gnu-tools-for-stm32.11.3.rel1.linux64_1.1.100.202309141235/tools/bin/../lib/gcc/arm-none-eabi/11.3.1/../../../../arm-none-eabi/lib/thumb/v7e-m/nofp/libc_nano.a(libc_a-closer.o) (errno)
/opt/st/stm32cubeide_1.14.0/plugins/com.st.stm32cube.ide.mcu.externaltools.gnu-tools-for-stm32.11.3.rel1.linux64_1.1.100.202309141235/tools/bin/../lib/gcc/arm-none-eabi/11.3.1/../../../../arm-none-eabi/lib/thumb/v7e-m/nofp/libc_nano.a(libc_a-impure.o)
                              /opt/st/stm32cubeide_1.14.0/plugins/com.st.stm32cube.ide.mcu.externaltools.gnu-tools-for-stm32.11.3.rel1.linux64_1.1.100.202309141235/tools/bin/../lib/gcc/arm-none-eabi/11.3.1/../../../../arm-none-eabi/lib/thumb/v7e-m/nofp/libc_nano.a(libc_a-reent.o) (_impure_ptr)
/opt/st/stm32cubeide_1.14.0/plugins/com.st.stm32cube.ide.mcu.externaltools.gnu-tools-for-stm32.11.3.rel1.linux64_1.1.100.202309141235/tools/bin/../lib/gcc/arm-none-eabi/11.3.1/../../../../arm-none-eabi/lib/thumb/v7e-m/nofp/libc_nano.a(libc_a-lseekr.o)
                              /opt/st/stm32cubeide_1.14.0/plugins/com.st.stm32cube.ide.mcu.externaltools.gnu-tools-for-stm32.11.3.rel1.linux64_1.1.100.202309141235/tools/bin/../lib/gcc/arm-none-eabi/11.3.1/../../../../arm-none-eabi/lib/thumb/v7e-m/nofp/libc_nano.a(libc_a-stdio.o) (_lseek_r)
[...]
Memory Configuration

Name             Origin             Length             Attributes
RAM              0x0000000020000000 0x0000000000020000 xrw
FLASH            0x0000000008000000 0x0000000000080000 xr
*default*        0x0000000000000000 0xffffffffffffffff

Linker script and memory map

LOAD /opt/st/stm32cubeide_1.14.0/plugins/com.st.stm32cube.ide.mcu.externaltools.gnu-tools-for-stm32.11.3.rel1.linux64_1.1.100.202309141235/tools/bin/../lib/gcc/arm-none-eabi/11.3.1/thumb/v7e-m/nofp/crti.o
LOAD /opt/st/stm32cubeide_1.14.0/plugins/com.st.stm32cube.ide.mcu.externaltools.gnu-tools-for-stm32.11.3.rel1.linux64_1.1.100.202309141235/tools/bin/../lib/gcc/arm-none-eabi/11.3.1/thumb/v7e-m/nofp/crtbegin.o
LOAD /opt/st/stm32cubeide_1.14.0/plugins/com.st.stm32cube.ide.mcu.externaltools.gnu-tools-for-stm32.11.3.rel1.linux64_1.1.100.202309141235/tools/bin/../lib/gcc/arm-none-eabi/11.3.1/../../../../arm-none-eabi/lib/thumb/v7e-m/nofp/crt0.o
LOAD ./Drivers/Src/stm32f446xx_gpio_driver.o
LOAD ./Src/001_ledBlinky.o
LOAD ./Src/syscalls.o
LOAD ./Src/sysmem.o
LOAD ./Startup/startup_stm32f446retx.o
START GROUP
LOAD /opt/st/stm32cubeide_1.14.0/plugins/com.st.stm32cube.ide.mcu.externaltools.gnu-tools-for-stm32.11.3.rel1.linux64_1.1.100.202309141235/tools/bin/../lib/gcc/arm-none-eabi/11.3.1/../../../../arm-none-eabi/lib/thumb/v7e-m/nofp/libc_nano.a
LOAD /opt/st/stm32cubeide_1.14.0/plugins/com.st.stm32cube.ide.mcu.externaltools.gnu-tools-for-stm32.11.3.rel1.linux64_1.1.100.202309141235/tools/bin/../lib/gcc/arm-none-eabi/11.3.1/../../../../arm-none-eabi/lib/thumb/v7e-m/nofp/libm.a
END GROUP
START GROUP
LOAD /opt/st/stm32cubeide_1.14.0/plugins/com.st.stm32cube.ide.mcu.externaltools.gnu-tools-for-stm32.11.3.rel1.linux64_1.1.100.202309141235/tools/bin/../lib/gcc/arm-none-eabi/11.3.1/thumb/v7e-m/nofp/libgcc.a
LOAD /opt/st/stm32cubeide_1.14.0/plugins/com.st.stm32cube.ide.mcu.externaltools.gnu-tools-for-stm32.11.3.rel1.linux64_1.1.100.202309141235/tools/bin/../lib/gcc/arm-none-eabi/11.3.1/../../../../arm-none-eabi/lib/thumb/v7e-m/nofp/libc_nano.a
END GROUP
START GROUP
LOAD /opt/st/stm32cubeide_1.14.0/plugins/com.st.stm32cube.ide.mcu.externaltools.gnu-tools-for-stm32.11.3.rel1.linux64_1.1.100.202309141235/tools/bin/../lib/gcc/arm-none-eabi/11.3.1/thumb/v7e-m/nofp/libgcc.a
LOAD /opt/st/stm32cubeide_1.14.0/plugins/com.st.stm32cube.ide.mcu.externaltools.gnu-tools-for-stm32.11.3.rel1.linux64_1.1.100.202309141235/tools/bin/../lib/gcc/arm-none-eabi/11.3.1/../../../../arm-none-eabi/lib/thumb/v7e-m/nofp/libc_nano.a
LOAD /opt/st/stm32cubeide_1.14.0/plugins/com.st.stm32cube.ide.mcu.externaltools.gnu-tools-for-stm32.11.3.rel1.linux64_1.1.100.202309141235/tools/bin/../lib/gcc/arm-none-eabi/11.3.1/../../../../arm-none-eabi/lib/thumb/v7e-m/nofp/libnosys.a
END GROUP
START GROUP
LOAD /opt/st/stm32cubeide_1.14.0/plugins/com.st.stm32cube.ide.mcu.externaltools.gnu-tools-for-stm32.11.3.rel1.linux64_1.1.100.202309141235/tools/bin/../lib/gcc/arm-none-eabi/11.3.1/thumb/v7e-m/nofp/libgcc.a
LOAD /opt/st/stm32cubeide_1.14.0/plugins/com.st.stm32cube.ide.mcu.externaltools.gnu-tools-for-stm32.11.3.rel1.linux64_1.1.100.202309141235/tools/bin/../lib/gcc/arm-none-eabi/11.3.1/../../../../arm-none-eabi/lib/thumb/v7e-m/nofp/libc_nano.a
LOAD /opt/st/stm32cubeide_1.14.0/plugins/com.st.stm32cube.ide.mcu.externaltools.gnu-tools-for-stm32.11.3.rel1.linux64_1.1.100.202309141235/tools/bin/../lib/gcc/arm-none-eabi/11.3.1/../../../../arm-none-eabi/lib/thumb/v7e-m/nofp/libnosys.a
END GROUP
LOAD /opt/st/stm32cubeide_1.14.0/plugins/com.st.stm32cube.ide.mcu.externaltools.gnu-tools-for-stm32.11.3.rel1.linux64_1.1.100.202309141235/tools/bin/../lib/gcc/arm-none-eabi/11.3.1/thumb/v7e-m/nofp/crtend.o
LOAD /opt/st/stm32cubeide_1.14.0/plugins/com.st.stm32cube.ide.mcu.externaltools.gnu-tools-for-stm32.11.3.rel1.linux64_1.1.100.202309141235/tools/bin/../lib/gcc/arm-none-eabi/11.3.1/thumb/v7e-m/nofp/crtn.o
                0x0000000020020000                _estack = (ORIGIN (RAM) + LENGTH (RAM))
                0x0000000000000200                _Min_Heap_Size = 0x200
                0x0000000000000400                _Min_Stack_Size = 0x400

.isr_vector     0x0000000008000000      0x1c4
                0x0000000008000000                . = ALIGN (0x4)
 *(.isr_vector)
 .isr_vector    0x0000000008000000      0x1c4 ./Startup/startup_stm32f446retx.o
                0x0000000008000000                g_pfnVectors
                0x00000000080001c4                . = ALIGN (0x4)

.text           0x00000000080001c4      0x4f4
                0x00000000080001c4                . = ALIGN (0x4)
 *(.text)
 .text          0x00000000080001c4       0x40 /opt/st/stm32cubeide_1.14.0/plugins/com.st.stm32cube.ide.mcu.externaltools.gnu-tools-for-stm32.11.3.rel1.linux64_1.1.100.202309141235/tools/bin/../lib/gcc/arm-none-eabi/11.3.1/thumb/v7e-m/nofp/crtbegin.o
 *(.text*)
 .text.GPIO_PeripheralClkCtrl
                0x0000000008000204      0x1a0 ./Drivers/Src/stm32f446xx_gpio_driver.o
                0x0000000008000204                GPIO_PeripheralClkCtrl
 .text.GPIO_Inint
                0x00000000080003a4      0x1cc ./Drivers/Src/stm32f446xx_gpio_driver.o
                0x00000000080003a4                GPIO_Inint
 .text.GPIO_WriteToOutputPort
                0x0000000008000570       0x1c ./Drivers/Src/stm32f446xx_gpio_driver.o
                0x0000000008000570                GPIO_WriteToOutputPort
 .text.delay    0x000000000800058c       0x2c ./Src/001_ledBlinky.o
                0x000000000800058c                delay
 .text.main     0x00000000080005b8       0x4c ./Src/001_ledBlinky.o
                0x00000000080005b8                main
 .text.Reset_Handler
                0x0000000008000604       0x50 ./Startup/startup_stm32f446retx.o
                0x0000000008000604                Reset_Handler
 .text.Default_Handler
                0x0000000008000654        0x2 ./Startup/startup_stm32f446retx.o
                0x0000000008000654                RTC_Alarm_IRQHandler
                0x0000000008000654                EXTI2_IRQHandler
                0x0000000008000654                TIM8_CC_IRQHandler
                0x0000000008000654                SPDIF_Rx_IRQHandler
                0x0000000008000654                DebugMon_Handler
                0x0000000008000654                SPI4_IRQHandler
                0x0000000008000654                TIM1_CC_IRQHandler
                0x0000000008000654                QuadSPI_IRQHandler
                0x0000000008000654                DMA2_Stream5_IRQHandler
                0x0000000008000654                HardFault_Handler
                0x0000000008000654                DMA1_Stream5_IRQHandler
                0x0000000008000654                SysTick_Handler
                0x0000000008000654                PVD_IRQHandler
                0x0000000008000654                SDIO_IRQHandler
                0x0000000008000654                TAMP_STAMP_IRQHandler
                0x0000000008000654                PendSV_Handler
                0x0000000008000654                NMI_Handler
                0x0000000008000654                CAN2_RX1_IRQHandler
                0x0000000008000654                EXTI3_IRQHandler
                0x0000000008000654                TIM8_TRG_COM_TIM14_IRQHandler
                0x0000000008000654                TIM1_UP_TIM10_IRQHandler
                0x0000000008000654                FMPI2C1_error_IRQHandler
                0x0000000008000654                TIM8_UP_TIM13_IRQHandler
                0x0000000008000654                I2C3_ER_IRQHandler
                0x0000000008000654                EXTI0_IRQHandler
                0x0000000008000654                I2C2_EV_IRQHandler
                0x0000000008000654                DMA1_Stream2_IRQHandler
                0x0000000008000654                CAN1_RX0_IRQHandler
                0x0000000008000654                OTG_HS_WKUP_IRQHandler
                0x0000000008000654                UsageFault_Handler
                0x0000000008000654                CAN2_SCE_IRQHandler
                0x0000000008000654                DMA2_Stream2_IRQHandler
                0x0000000008000654                SPI1_IRQHandler
                0x0000000008000654                TIM6_DAC_IRQHandler
                0x0000000008000654                TIM1_BRK_TIM9_IRQHandler
                0x0000000008000654                DCMI_IRQHandler
                0x0000000008000654                CAN2_RX0_IRQHandler
                0x0000000008000654                DMA2_Stream3_IRQHandler
                0x0000000008000654                FMPI2C1_IRQHandler
                0x0000000008000654                SAI2_IRQHandler
                0x0000000008000654                USART6_IRQHandler
                0x0000000008000654                USART3_IRQHandler
                0x0000000008000654                CAN1_RX1_IRQHandler
                0x0000000008000654                UART5_IRQHandler
                0x0000000008000654                DMA2_Stream0_IRQHandler
                0x0000000008000654                TIM4_IRQHandler
                0x0000000008000654                I2C1_EV_IRQHandler
                0x0000000008000654                HDMI_CEC_IRQHandler
                0x0000000008000654                DMA1_Stream6_IRQHandler
                0x0000000008000654                DMA1_Stream1_IRQHandler
                0x0000000008000654                UART4_IRQHandler
                0x0000000008000654                TIM3_IRQHandler
                0x0000000008000654                RCC_IRQHandler
                0x0000000008000654                TIM8_BRK_TIM12_IRQHandler
                0x0000000008000654                Default_Handler
                0x0000000008000654                EXTI15_10_IRQHandler
                0x0000000008000654                ADC_IRQHandler
                0x0000000008000654                DMA1_Stream7_IRQHandler
                0x0000000008000654                TIM7_IRQHandler
                0x0000000008000654                CAN2_TX_IRQHandler
                0x0000000008000654                TIM5_IRQHandler
                0x0000000008000654                DMA2_Stream7_IRQHandler
                0x0000000008000654                I2C3_EV_IRQHandler
                0x0000000008000654                EXTI9_5_IRQHandler
                0x0000000008000654                RTC_WKUP_IRQHandler
                0x0000000008000654                SPI2_IRQHandler
                0x0000000008000654                OTG_HS_EP1_IN_IRQHandler
                0x0000000008000654                MemManage_Handler
                0x0000000008000654                DMA1_Stream0_IRQHandler
                0x0000000008000654                CAN1_TX_IRQHandler
                0x0000000008000654                SVC_Handler
                0x0000000008000654                EXTI4_IRQHandler
                0x0000000008000654                OTG_HS_EP1_OUT_IRQHandler
                0x0000000008000654                WWDG_IRQHandler
                0x0000000008000654                TIM2_IRQHandler
                0x0000000008000654                OTG_FS_WKUP_IRQHandler
                0x0000000008000654                TIM1_TRG_COM_TIM11_IRQHandler
                0x0000000008000654                OTG_HS_IRQHandler
                0x0000000008000654                EXTI1_IRQHandler
                0x0000000008000654                USART2_IRQHandler
                0x0000000008000654                I2C2_ER_IRQHandler
                0x0000000008000654                DMA2_Stream1_IRQHandler
                0x0000000008000654                CAN1_SCE_IRQHandler
                0x0000000008000654                FLASH_IRQHandler
                0x0000000008000654                DMA2_Stream4_IRQHandler
                0x0000000008000654                BusFault_Handler
                0x0000000008000654                USART1_IRQHandler
                0x0000000008000654                OTG_FS_IRQHandler
                0x0000000008000654                SPI3_IRQHandler
                0x0000000008000654                DMA1_Stream4_IRQHandler
                0x0000000008000654                I2C1_ER_IRQHandler
                0x0000000008000654                FMC_IRQHandler
                0x0000000008000654                DMA2_Stream6_IRQHandler
                0x0000000008000654                SAI1_IRQHandler
                0x0000000008000654                DMA1_Stream3_IRQHandler
 *fill*         0x0000000008000656        0x2 
 .text.__libc_init_array
                0x0000000008000658       0x48 /opt/st/stm32cubeide_1.14.0/plugins/com.st.stm32cube.ide.mcu.externaltools.gnu-tools-for-stm32.11.3.rel1.linux64_1.1.100.202309141235/tools/bin/../lib/gcc/arm-none-eabi/11.3.1/../../../../arm-none-eabi/lib/thumb/v7e-m/nofp/libc_nano.a(libc_a-init.o)
                0x0000000008000658                __libc_init_array
 *(.glue_7)
 .glue_7        0x00000000080006a0        0x0 linker stubs
 *(.glue_7t)
 .glue_7t       0x00000000080006a0        0x0 linker stubs
 *(.eh_frame)
 .eh_frame      0x00000000080006a0        0x0 /opt/st/stm32cubeide_1.14.0/plugins/com.st.stm32cube.ide.mcu.externaltools.gnu-tools-for-stm32.11.3.rel1.linux64_1.1.100.202309141235/tools/bin/../lib/gcc/arm-none-eabi/11.3.1/thumb/v7e-m/nofp/crtbegin.o
 *(.init)
 .init          0x00000000080006a0        0x4 /opt/st/stm32cubeide_1.14.0/plugins/com.st.stm32cube.ide.mcu.externaltools.gnu-tools-for-stm32.11.3.rel1.linux64_1.1.100.202309141235/tools/bin/../lib/gcc/arm-none-eabi/11.3.1/thumb/v7e-m/nofp/crti.o
                0x00000000080006a0                _init
 .init          0x00000000080006a4        0x8 /opt/st/stm32cubeide_1.14.0/plugins/com.st.stm32cube.ide.mcu.externaltools.gnu-tools-for-stm32.11.3.rel1.linux64_1.1.100.202309141235/tools/bin/../lib/gcc/arm-none-eabi/11.3.1/thumb/v7e-m/nofp/crtn.o
 *(.fini)
 .fini          0x00000000080006ac        0x4 /opt/st/stm32cubeide_1.14.0/plugins/com.st.stm32cube.ide.mcu.externaltools.gnu-tools-for-stm32.11.3.rel1.linux64_1.1.100.202309141235/tools/bin/../lib/gcc/arm-none-eabi/11.3.1/thumb/v7e-m/nofp/crti.o
                0x00000000080006ac                _fini
 .fini          0x00000000080006b0        0x8 /opt/st/stm32cubeide_1.14.0/plugins/com.st.stm32cube.ide.mcu.externaltools.gnu-tools-for-stm32.11.3.rel1.linux64_1.1.100.202309141235/tools/bin/../lib/gcc/arm-none-eabi/11.3.1/thumb/v7e-m/nofp/crtn.o
                0x00000000080006b8                . = ALIGN (0x4)
                0x00000000080006b8                _etext = .

.vfp11_veneer   0x00000000080006b8        0x0
 .vfp11_veneer  0x00000000080006b8        0x0 linker stubs

.v4_bx          0x00000000080006b8        0x0
 .v4_bx         0x00000000080006b8        0x0 linker stubs

.iplt           0x00000000080006b8        0x0
 .iplt          0x00000000080006b8        0x0 /opt/st/stm32cubeide_1.14.0/plugins/com.st.stm32cube.ide.mcu.externaltools.gnu-tools-for-stm32.11.3.rel1.linux64_1.1.100.202309141235/tools/bin/../lib/gcc/arm-none-eabi/11.3.1/thumb/v7e-m/nofp/crtbegin.o

.rel.dyn        0x00000000080006b8        0x0
 .rel.iplt      0x00000000080006b8        0x0 /opt/st/stm32cubeide_1.14.0/plugins/com.st.stm32cube.ide.mcu.externaltools.gnu-tools-for-stm32.11.3.rel1.linux64_1.1.100.202309141235/tools/bin/../lib/gcc/arm-none-eabi/11.3.1/thumb/v7e-m/nofp/crtbegin.o

.rodata         0x00000000080006b8        0x0
                0x00000000080006b8                . = ALIGN (0x4)
 *(.rodata)
 *(.rodata*)
                0x00000000080006b8                . = ALIGN (0x4)

.ARM.extab      0x00000000080006b8        0x0
                0x00000000080006b8                . = ALIGN (0x4)
 *(.ARM.extab* .gnu.linkonce.armextab.*)
                0x00000000080006b8                . = ALIGN (0x4)

.ARM            0x00000000080006b8        0x0
                0x00000000080006b8                . = ALIGN (0x4)
                0x00000000080006b8                __exidx_start = .
 *(.ARM.exidx*)
                0x00000000080006b8                __exidx_end = .
                0x00000000080006b8                . = ALIGN (0x4)

.preinit_array  0x00000000080006b8        0x0
                0x00000000080006b8                . = ALIGN (0x4)
                0x00000000080006b8                PROVIDE (__preinit_array_start = .)
 *(.preinit_array*)
                0x00000000080006b8                PROVIDE (__preinit_array_end = .)
                0x00000000080006b8                . = ALIGN (0x4)

.init_array     0x00000000080006b8        0x4
                0x00000000080006b8                . = ALIGN (0x4)
                0x00000000080006b8                PROVIDE (__init_array_start = .)
 *(SORT_BY_NAME(.init_array.*))
 *(.init_array*)
 .init_array    0x00000000080006b8        0x4 /opt/st/stm32cubeide_1.14.0/plugins/com.st.stm32cube.ide.mcu.externaltools.gnu-tools-for-stm32.11.3.rel1.linux64_1.1.100.202309141235/tools/bin/../lib/gcc/arm-none-eabi/11.3.1/thumb/v7e-m/nofp/crtbegin.o
                0x00000000080006bc                PROVIDE (__init_array_end = .)
                0x00000000080006bc                . = ALIGN (0x4)

.fini_array     0x00000000080006bc        0x4
                0x00000000080006bc                . = ALIGN (0x4)
                [!provide]                        PROVIDE (__fini_array_start = .)
 *(SORT_BY_NAME(.fini_array.*))
 *(.fini_array*)
 .fini_array    0x00000000080006bc        0x4 /opt/st/stm32cubeide_1.14.0/plugins/com.st.stm32cube.ide.mcu.externaltools.gnu-tools-for-stm32.11.3.rel1.linux64_1.1.100.202309141235/tools/bin/../lib/gcc/arm-none-eabi/11.3.1/thumb/v7e-m/nofp/crtbegin.o
                [!provide]                        PROVIDE (__fini_array_end = .)
                0x00000000080006c0                . = ALIGN (0x4)
                0x00000000080006c0                _sidata = LOADADDR (.data)

.data           0x0000000020000000        0x0 load address 0x00000000080006c0
                0x0000000020000000                . = ALIGN (0x4)
                0x0000000020000000                _sdata = .
 *(.data)
 *(.data*)
 *(.RamFunc)
 *(.RamFunc*)
                0x0000000020000000                . = ALIGN (0x4)
                0x0000000020000000                _edata = .

.igot.plt       0x0000000020000000        0x0 load address 0x00000000080006c0
 .igot.plt      0x0000000020000000        0x0 /opt/st/stm32cubeide_1.14.0/plugins/com.st.stm32cube.ide.mcu.externaltools.gnu-tools-for-stm32.11.3.rel1.linux64_1.1.100.202309141235/tools/bin/../lib/gcc/arm-none-eabi/11.3.1/thumb/v7e-m/nofp/crtbegin.o
                0x0000000020000000                . = ALIGN (0x4)

.bss            0x0000000020000000       0x1c load address 0x00000000080006c0
                0x0000000020000000                _sbss = .
                0x0000000020000000                __bss_start__ = _sbss
 *(.bss)
 .bss           0x0000000020000000       0x1c /opt/st/stm32cubeide_1.14.0/plugins/com.st.stm32cube.ide.mcu.externaltools.gnu-tools-for-stm32.11.3.rel1.linux64_1.1.100.202309141235/tools/bin/../lib/gcc/arm-none-eabi/11.3.1/thumb/v7e-m/nofp/crtbegin.o
 *(.bss*)
 *(COMMON)
                0x000000002000001c                . = ALIGN (0x4)
                0x000000002000001c                _ebss = .
                0x000000002000001c                __bss_end__ = _ebss

._user_heap_stack
                0x000000002000001c      0x604 load address 0x00000000080006c0
                0x0000000020000020                . = ALIGN (0x8)
 *fill*         0x000000002000001c        0x4 
                [!provide]                        PROVIDE (end = .)
                0x0000000020000020                PROVIDE (_end = .)
                0x0000000020000220                . = (. + _Min_Heap_Size)
 *fill*         0x0000000020000020      0x200 
                0x0000000020000620                . = (. + _Min_Stack_Size)
 *fill*         0x0000000020000220      0x400 
                0x0000000020000620                . = ALIGN (0x8)

/DISCARD/
 libc.a(*)
 libm.a(*)
 libgcc.a(*)

.ARM.attributes
                0x0000000000000000       0x2a
 *(.ARM.attributes)
 .ARM.attributes
                0x0000000000000000       0x1e /opt/st/stm32cubeide_1.14.0/plugins/com.st.stm32cube.ide.mcu.externaltools.gnu-tools-for-stm32.11.3.rel1.linux64_1.1.100.202309141235/tools/bin/../lib/gcc/arm-none-eabi/11.3.1/thumb/v7e-m/nofp/crti.o
 .ARM.attributes
                0x000000000000001e       0x2e /opt/st/stm32cubeide_1.14.0/plugins/com.st.stm32cube.ide.mcu.externaltools.gnu-tools-for-stm32.11.3.rel1.linux64_1.1.100.202309141235/tools/bin/../lib/gcc/arm-none-eabi/11.3.1/thumb/v7e-m/nofp/crtbegin.o
 .ARM.attributes
                0x000000000000004c       0x2e ./Drivers/Src/stm32f446xx_gpio_driver.o
 .ARM.attributes
                0x000000000000007a       0x2e ./Src/001_ledBlinky.o
 .ARM.attributes
                0x00000000000000a8       0x21 ./Startup/startup_stm32f446retx.o
 .ARM.attributes
                0x00000000000000c9       0x2e /opt/st/stm32cubeide_1.14.0/plugins/com.st.stm32cube.ide.mcu.externaltools.gnu-tools-for-stm32.11.3.rel1.linux64_1.1.100.202309141235/tools/bin/../lib/gcc/arm-none-eabi/11.3.1/../../../../arm-none-eabi/lib/thumb/v7e-m/nofp/libc_nano.a(libc_a-init.o)
 .ARM.attributes
                0x00000000000000f7       0x1e /opt/st/stm32cubeide_1.14.0/plugins/com.st.stm32cube.ide.mcu.externaltools.gnu-tools-for-stm32.11.3.rel1.linux64_1.1.100.202309141235/tools/bin/../lib/gcc/arm-none-eabi/11.3.1/thumb/v7e-m/nofp/crtn.o
OUTPUT(Stm32F446RE_Drivers.elf elf32-littlearm)
LOAD linker stubs
LOAD /opt/st/stm32cubeide_1.14.0/plugins/com.st.stm32cube.ide.mcu.externaltools.gnu-tools-for-stm32.11.3.rel1.linux64_1.1.100.202309141235/tools/bin/../lib/gcc/arm-none-eabi/11.3.1/../../../../arm-none-eabi/lib/thumb/v7e-m/nofp/libc.a
LOAD /opt/st/stm32cubeide_1.14.0/plugins/com.st.stm32cube.ide.mcu.externaltools.gnu-tools-for-stm32.11.3.rel1.linux64_1.1.100.202309141235/tools/bin/../lib/gcc/arm-none-eabi/11.3.1/../../../../arm-none-eabi/lib/thumb/v7e-m/nofp/libm.a
LOAD /opt/st/stm32cubeide_1.14.0/plugins/com.st.stm32cube.ide.mcu.externaltools.gnu-tools-for-stm32.11.3.rel1.linux64_1.1.100.202309141235/tools/bin/../lib/gcc/arm-none-eabi/11.3.1/thumb/v7e-m/nofp/libgcc.a

.comment        0x0000000000000000       0x43
 .comment       0x0000000000000000       0x43 /opt/st/stm32cubeide_1.14.0/plugins/com.st.stm32cube.ide.mcu.externaltools.gnu-tools-for-stm32.11.3.rel1.linux64_1.1.100.202309141235/tools/bin/../lib/gcc/arm-none-eabi/11.3.1/thumb/v7e-m/nofp/crtbegin.o
                                         0x44 (size before relaxing)
 .comment       0x0000000000000043       0x44 ./Drivers/Src/stm32f446xx_gpio_driver.o
 .comment       0x0000000000000043       0x44 ./Src/001_ledBlinky.o

.debug_info     0x0000000000000000      0x8ab
 .debug_info    0x0000000000000000      0x5f9 ./Drivers/Src/stm32f446xx_gpio_driver.o
 .debug_info    0x00000000000005f9      0x28f ./Src/001_ledBlinky.o
 .debug_info    0x0000000000000888       0x23 ./Startup/startup_stm32f446retx.o

.debug_abbrev   0x0000000000000000      0x234
 .debug_abbrev  0x0000000000000000      0x113 ./Drivers/Src/stm32f446xx_gpio_driver.o
 .debug_abbrev  0x0000000000000113      0x10f ./Src/001_ledBlinky.o
 .debug_abbrev  0x0000000000000222       0x12 ./Startup/startup_stm32f446retx.o

.debug_aranges  0x0000000000000000       0xb8
 .debug_aranges
                0x0000000000000000       0x68 ./Drivers/Src/stm32f446xx_gpio_driver.o
 .debug_aranges
                0x0000000000000068       0x28 ./Src/001_ledBlinky.o
 .debug_aranges
                0x0000000000000090       0x28 ./Startup/startup_stm32f446retx.o

.debug_rnglists
                0x0000000000000000       0x7e
 .debug_rnglists
                0x0000000000000000       0x4c ./Drivers/Src/stm32f446xx_gpio_driver.o
 .debug_rnglists
                0x000000000000004c       0x19 ./Src/001_ledBlinky.o
 .debug_rnglists
                0x0000000000000065       0x19 ./Startup/startup_stm32f446retx.o

.debug_macro    0x0000000000000000     0x23c6
 .debug_macro   0x0000000000000000       0x81 ./Drivers/Src/stm32f446xx_gpio_driver.o
 .debug_macro   0x0000000000000081      0xaa8 ./Drivers/Src/stm32f446xx_gpio_driver.o
 .debug_macro   0x0000000000000b29       0x22 ./Drivers/Src/stm32f446xx_gpio_driver.o
 .debug_macro   0x0000000000000b4b       0x8e ./Drivers/Src/stm32f446xx_gpio_driver.o
 .debug_macro   0x0000000000000bd9       0x51 ./Drivers/Src/stm32f446xx_gpio_driver.o
 .debug_macro   0x0000000000000c2a      0x103 ./Drivers/Src/stm32f446xx_gpio_driver.o
 .debug_macro   0x0000000000000d2d       0x6a ./Drivers/Src/stm32f446xx_gpio_driver.o
 .debug_macro   0x0000000000000d97      0x1df ./Drivers/Src/stm32f446xx_gpio_driver.o
 .debug_macro   0x0000000000000f76      0x3c3 ./Drivers/Src/stm32f446xx_gpio_driver.o
 .debug_macro   0x0000000000001339       0xc4 ./Drivers/Src/stm32f446xx_gpio_driver.o
 .debug_macro   0x00000000000013fd      0x158 ./Src/001_ledBlinky.o
 .debug_macro   0x0000000000001555       0x61 ./Src/001_ledBlinky.o
 .debug_macro   0x00000000000015b6       0x24 ./Src/001_ledBlinky.o
 .debug_macro   0x00000000000015da       0x43 ./Src/001_ledBlinky.o
 .debug_macro   0x000000000000161d       0x34 ./Src/001_ledBlinky.o
 .debug_macro   0x0000000000001651       0x16 ./Src/001_ledBlinky.o
 .debug_macro   0x0000000000001667       0x97 ./Src/001_ledBlinky.o
 .debug_macro   0x00000000000016fe      0x369 ./Src/001_ledBlinky.o
 .debug_macro   0x0000000000001a67       0xfd ./Src/001_ledBlinky.o
 .debug_macro   0x0000000000001b64       0x10 ./Src/001_ledBlinky.o
 .debug_macro   0x0000000000001b74       0x16 ./Src/001_ledBlinky.o
 .debug_macro   0x0000000000001b8a       0x43 ./Src/001_ledBlinky.o
 .debug_macro   0x0000000000001bcd       0x34 ./Src/001_ledBlinky.o
 .debug_macro   0x0000000000001c01       0x10 ./Src/001_ledBlinky.o
 .debug_macro   0x0000000000001c11       0x58 ./Src/001_ledBlinky.o
 .debug_macro   0x0000000000001c69       0x8e ./Src/001_ledBlinky.o
 .debug_macro   0x0000000000001cf7       0x1c ./Src/001_ledBlinky.o
 .debug_macro   0x0000000000001d13      0x177 ./Src/001_ledBlinky.o
 .debug_macro   0x0000000000001e8a       0x16 ./Src/001_ledBlinky.o
 .debug_macro   0x0000000000001ea0       0x16 ./Src/001_ledBlinky.o
 .debug_macro   0x0000000000001eb6      0x147 ./Src/001_ledBlinky.o
 .debug_macro   0x0000000000001ffd      0x3c9 ./Src/001_ledBlinky.o

.debug_line     0x0000000000000000      0xd14
 .debug_line    0x0000000000000000      0x72a ./Drivers/Src/stm32f446xx_gpio_driver.o
 .debug_line    0x000000000000072a      0x56f ./Src/001_ledBlinky.o
 .debug_line    0x0000000000000c99       0x7b ./Startup/startup_stm32f446retx.o

.debug_str      0x0000000000000000     0x95de
 .debug_str     0x0000000000000000     0x5bad ./Drivers/Src/stm32f446xx_gpio_driver.o
                                       0x5d36 (size before relaxing)
 .debug_str     0x0000000000005bad     0x3a02 ./Src/001_ledBlinky.o
                                       0x956f (size before relaxing)
 .debug_str     0x00000000000095af       0x2f ./Startup/startup_stm32f446retx.o
                                         0x6c (size before relaxing)

.debug_frame    0x0000000000000000      0x224
 .debug_frame   0x0000000000000000      0x1a0 ./Drivers/Src/stm32f446xx_gpio_driver.o
 .debug_frame   0x00000000000001a0       0x58 ./Src/001_ledBlinky.o
 .debug_frame   0x00000000000001f8       0x2c /opt/st/stm32cubeide_1.14.0/plugins/com.st.stm32cube.ide.mcu.externaltools.gnu-tools-for-stm32.11.3.rel1.linux64_1.1.100.202309141235/tools/bin/../lib/gcc/arm-none-eabi/11.3.1/../../../../arm-none-eabi/lib/thumb/v7e-m/nofp/libc_nano.a(libc_a-init.o)

.debug_line_str
                0x0000000000000000       0x60
 .debug_line_str
                0x0000000000000000       0x60 ./Startup/startup_stm32f446retx.o
                                         0x78 (size before relaxing)
